13/08/26 13:03:59,390 INFO  [d65725be-ac99-38c2-3f14-c84d665f60f2@init servlet   ] [BaseUrlEntityListener         ] [@] New Base url [http://localhost:8080] propagated to bundle
 13/08/26 13:03:59,522 INFO  [d65725be-ac99-38c2-3f14-c84d665f60f2@init servlet   ] [RingConfigImpl                ] [@] Hub integration is enabled
 13/08/26 13:03:59,888 INFO  [d65725be-ac99-38c2-3f14-c84d665f60f2@init servlet   ] [RingConfigImpl                ] [@] Establishing connection to Hub. Attempt 1 of 3. Result: Active and working
 13/08/26 13:03:59,909 INFO  [d65725be-ac99-38c2-3f14-c84d665f60f2@init servlet   ] [RingConfigImpl                ] [@] Hub connection: Active and working
 13/08/26 13:03:59,915 INFO  [d65725be-ac99-38c2-3f14-c84d665f60f2@init servlet   ] [HubRemoteApiFactory           ] [@] Initializing Hub Remote Api...
 13/08/26 13:04:00,151 INFO  [d65725be-ac99-38c2-3f14-c84d665f60f2@init servlet   ] [HubRemoteApiFactory           ] [@] Syncing Hub events...
 13/08/26 13:04:00,476 INFO  [d65725be-ac99-38c2-3f14-c84d665f60f2@init servlet   ] [HubRemoteApiFactory           ] [@] Setting up Hub event listeners...
 13/08/26 13:04:00,485 INFO  [d65725be-ac99-38c2-3f14-c84d665f60f2@init servlet   ] [HubRemoteApiFactory           ] [@] Hub event listeners up and running
 13/08/26 13:04:00,508 INFO  [d65725be-ac99-38c2-3f14-c84d665f60f2@init servlet   ] [HubRemoteApiFactory           ] [@] Hub Remote Api initialized
 13/08/26 13:04:00,523 INFO  [d65725be-ac99-38c2-3f14-c84d665f60f2@init servlet   ] [IncrementalExporter           ] [@] Exporting service data...
 13/08/26 13:04:01,176 INFO  [d65725be-ac99-38c2-3f14-c84d665f60f2@init servlet   ] [IncrementalExporter           ] [@] Exporting license, locale, logo info...
 13/08/26 13:04:01,300 INFO  [d65725be-ac99-38c2-3f14-c84d665f60f2@init servlet   ] [SuccessExportResult           ] [@] Application metadata synchronized with Hub
 13/08/26 13:04:01,306 INFO  [d65725be-ac99-38c2-3f14-c84d665f60f2@init servlet   ] [IncrementalExporter           ] [@] Exporting email notification config...
 13/08/26 13:04:01,361 INFO  [d65725be-ac99-38c2-3f14-c84d665f60f2@init servlet   ] [SuccessExportResult           ] [@] Notification config synced with Hub
 13/08/26 13:04:01,362 INFO  [d65725be-ac99-38c2-3f14-c84d665f60f2@init servlet   ] [IncrementalExporter           ] [@] Exporting trusted certificates...
 13/08/26 13:04:01,364 INFO  [d65725be-ac99-38c2-3f14-c84d665f60f2@init servlet   ] [IncrementalExporter           ] [@] Exporting permissions...
 13/08/26 13:04:01,400 INFO  [d65725be-ac99-38c2-3f14-c84d665f60f2@init servlet   ] [IncrementalExporter           ] [@] Exporting roles...
 13/08/26 13:04:01,447 INFO  [d65725be-ac99-38c2-3f14-c84d665f60f2@init servlet   ] [SuccessExportResult           ] [@] Role Observer linked with Hub
 13/08/26 13:04:01,481 INFO  [d65725be-ac99-38c2-3f14-c84d665f60f2@init servlet   ] [SuccessExportResult           ] [@] Role Contributor exported into Hub
 13/08/26 13:04:01,524 INFO  [d65725be-ac99-38c2-3f14-c84d665f60f2@init servlet   ] [SuccessExportResult           ] [@] Role Project Admin exported into Hub
 13/08/26 13:04:01,553 INFO  [d65725be-ac99-38c2-3f14-c84d665f60f2@init servlet   ] [SuccessExportResult           ] [@] Role Project Creator exported into Hub
 13/08/26 13:04:01,582 INFO  [d65725be-ac99-38c2-3f14-c84d665f60f2@init servlet   ] [SuccessExportResult           ] [@] Role User Creator exported into Hub
 13/08/26 13:04:01,672 INFO  [d65725be-ac99-38c2-3f14-c84d665f60f2@init servlet   ] [SuccessExportResult           ] [@] Role System Admin linked with Hub
 13/08/26 13:04:01,673 INFO  [d65725be-ac99-38c2-3f14-c84d665f60f2@init servlet   ] [IncrementalExporter           ] [@] Exporting user groups...
 13/08/26 13:04:01,796 INFO  [d65725be-ac99-38c2-3f14-c84d665f60f2@init servlet   ] [SuccessExportResult           ] [@] User group Registered Users linked to Hub user group Registered Users
 13/08/26 13:04:01,842 INFO  [d65725be-ac99-38c2-3f14-c84d665f60f2@init servlet   ] [SuccessExportResult           ] [@] User group All Users linked to Hub user group All Users
 13/08/26 13:04:01,843 INFO  [d65725be-ac99-38c2-3f14-c84d665f60f2@init servlet   ] [IncrementalExporter           ] [@] Exporting user accounts...
 13/08/26 13:04:01,933 WARN  [d65725be-ac99-38c2-3f14-c84d665f60f2@init servlet   ] [LoggingRequestsFilter         ] [@] POST http://127.0.0.1:8080/hub/api/rest/users 409 Conflict
 13/08/26 13:04:01,987 INFO  [d65725be-ac99-38c2-3f14-c84d665f60f2@init servlet   ] [SuccessExportResult           ] [@] User guest linked with an existing Hub user
 13/08/26 13:04:02,062 INFO  [d65725be-ac99-38c2-3f14-c84d665f60f2@init servlet   ] [SuccessExportResult           ] [@] User admin exported into Hub
 13/08/26 13:04:02,083 INFO  [d65725be-ac99-38c2-3f14-c84d665f60f2@init servlet   ] [IncrementalExporter           ] [@] Exporting project roles...
 13/08/26 13:04:02,107 INFO  [d65725be-ac99-38c2-3f14-c84d665f60f2@init servlet   ] [SuccessExportResult           ] [@] UserRole Observer exported into Hub
 13/08/26 13:04:02,125 INFO  [d65725be-ac99-38c2-3f14-c84d665f60f2@init servlet   ] [SuccessExportResult           ] [@] UserRole System Admin exported into Hub
 13/08/26 13:04:02,459 INFO  [d65725be-ac99-38c2-3f14-c84d665f60f2@init servlet   ] [SuccessExportResult           ] [@] Notification config synced with Hub
 13/08/26 13:04:02,504 INFO  [d65725be-ac99-38c2-3f14-c84d665f60f2@init servlet   ] [RefactoringSyncGroup2FA       ] [@] 2FA requirement synchronized for 100 groups
 13/08/26 13:04:02,524 INFO  [d65725be-ac99-38c2-3f14-c84d665f60f2@init servlet   ] [ingSyncGroupNewProperties_26_1] [@] 100 groups synchronized
 13/08/26 13:04:02,558 INFO  [d65725be-ac99-38c2-3f14-c84d665f60f2@init servlet   ] [ctoringMigrateGroupPermissions] [@] Synchronizing Visible To / Updatable By lists from Hub
 13/08/26 13:04:02,561 INFO  [d65725be-ac99-38c2-3f14-c84d665f60f2@init servlet   ] [ctoringMigrateGroupPermissions] [@] Updating from version null
 13/08/26 13:04:02,562 INFO  [d65725be-ac99-38c2-3f14-c84d665f60f2@init servlet   ] [ctoringMigrateGroupPermissions] [@] Collecting users for Read Groups feature flag
 13/08/26 13:04:02,566 INFO  [d65725be-ac99-38c2-3f14-c84d665f60f2@init servlet   ] [ctoringMigrateGroupPermissions] [@] Found 0 users with Read Group permission
 13/08/26 13:04:02,571 INFO  [d65725be-ac99-38c2-3f14-c84d665f60f2@init servlet   ] [ctoringMigrateGroupPermissions] [@] Found 1 users who will have read access in new scheme given by other permissions
 13/08/26 13:04:02,572 INFO  [d65725be-ac99-38c2-3f14-c84d665f60f2@init servlet   ] [ctoringMigrateGroupPermissions] [@] Found 0 users with read access who need migration
 13/08/26 13:04:02,572 INFO  [d65725be-ac99-38c2-3f14-c84d665f60f2@init servlet   ] [ctoringMigrateGroupPermissions] [@] Filling permitted viewers and updaters lists for groups
 13/08/26 13:04:02,573 INFO  [d65725be-ac99-38c2-3f14-c84d665f60f2@init servlet   ] [ctoringMigrateGroupPermissions] [@] Found 0 roles with Read permission that need migration
 13/08/26 13:04:02,574 INFO  [d65725be-ac99-38c2-3f14-c84d665f60f2@init servlet   ] [ctoringMigrateGroupPermissions] [@] Found 0 roles with Update permission that need migration
 13/08/26 13:04:02,577 INFO  [d65725be-ac99-38c2-3f14-c84d665f60f2@init servlet   ] [ctoringMigrateGroupPermissions] [@] Found 0 holders with global read access
 13/08/26 13:04:02,578 INFO  [d65725be-ac99-38c2-3f14-c84d665f60f2@init servlet   ] [ctoringMigrateGroupPermissions] [@] Found 0 holders with global update access
 13/08/26 13:04:02,579 INFO  [d65725be-ac99-38c2-3f14-c84d665f60f2@init servlet   ] [ctoringMigrateGroupPermissions] [@] Group permissions were migrated
 13/08/26 13:04:02,584 INFO  [d65725be-ac99-38c2-3f14-c84d665f60f2@init servlet   ] [RefactoringReadUser           ] [@] Observer role has READ_USER permission
 13/08/26 13:04:02,586 INFO  [d65725be-ac99-38c2-3f14-c84d665f60f2@init servlet   ] [RefactoringReadUser           ] [@] Removed  permissions from "Contributor" role
 13/08/26 13:04:02,587 INFO  [d65725be-ac99-38c2-3f14-c84d665f60f2@init servlet   ] [RefactoringReadUser           ] [@] Removed  permissions from "Project Admin" role
 13/08/26 13:04:02,590 INFO  [d65725be-ac99-38c2-3f14-c84d665f60f2@init servlet   ] [MigrateCreateProjectPermission] [@] Collecting affected users
 13/08/26 13:04:02,593 INFO  [d65725be-ac99-38c2-3f14-c84d665f60f2@init servlet   ] [MigrateCreateProjectPermission] [@] Found 0 users affected by permission propagation change
 13/08/26 13:04:02,594 INFO  [d65725be-ac99-38c2-3f14-c84d665f60f2@init servlet   ] [MigrateCreateProjectPermission] [@] Project Admin role already has no CREATE_PROJECT permission
 13/08/26 13:04:02,594 INFO  [d65725be-ac99-38c2-3f14-c84d665f60f2@init servlet   ] [MigrateCreateProjectPermission] [@] Found 0 users affected by removal of permission from Project Admin
 13/08/26 13:04:02,595 INFO  [d65725be-ac99-38c2-3f14-c84d665f60f2@init servlet   ] [MigrateCreateProjectPermission] [@] Removed  permissions from "Project Admin" role
 13/08/26 13:04:02,597 INFO  [d65725be-ac99-38c2-3f14-c84d665f60f2@init servlet   ] [gMigrateUserManagerPermissions] [@] Collecting affected users
 13/08/26 13:04:02,598 INFO  [d65725be-ac99-38c2-3f14-c84d665f60f2@init servlet   ] [gMigrateUserManagerPermissions] [@] Found 0 users affected by permission propagation change
 13/08/26 13:04:02,599 INFO  [d65725be-ac99-38c2-3f14-c84d665f60f2@init servlet   ] [gMigrateUserManagerPermissions] [@] Project Admin role already has no CREATE_USER permission
 13/08/26 13:04:02,599 INFO  [d65725be-ac99-38c2-3f14-c84d665f60f2@init servlet   ] [gMigrateUserManagerPermissions] [@] Found 0 users affected by removal of permission from Project Admin
 13/08/26 13:04:02,600 INFO  [d65725be-ac99-38c2-3f14-c84d665f60f2@init servlet   ] [gMigrateUserManagerPermissions] [@] Found 0 users who need both permissions
 13/08/26 13:04:02,602 INFO  [d65725be-ac99-38c2-3f14-c84d665f60f2@init servlet   ] [gMigrateUserManagerPermissions] [@] Removed  permissions from "Project Admin" role
 13/08/26 13:04:02,604 INFO  [d65725be-ac99-38c2-3f14-c84d665f60f2@init servlet   ] [rateReadOrganizationPermission] [@] No organizations found, nothing to migrate
 13/08/26 13:04:02,605 INFO  [d65725be-ac99-38c2-3f14-c84d665f60f2@init servlet   ] [rateReadOrganizationPermission] [@] Removed  permissions from "Project Admin" role
 13/08/26 13:04:02,605 INFO  [d65725be-ac99-38c2-3f14-c84d665f60f2@init servlet   ] [rateReadOrganizationPermission] [@] Removed  permissions from "Contributor" role
 13/08/26 13:04:02,607 INFO  [d65725be-ac99-38c2-3f14-c84d665f60f2@init servlet   ] [gMigrateOtherGlobalPermissions] [@] Collecting affected users with permission Low-level Admin Write
 13/08/26 13:04:02,608 INFO  [d65725be-ac99-38c2-3f14-c84d665f60f2@init servlet   ] [gMigrateOtherGlobalPermissions] [@] No affected users found for permission ADMIN_UPDATE_APP
 13/08/26 13:04:02,608 INFO  [d65725be-ac99-38c2-3f14-c84d665f60f2@init servlet   ] [gMigrateOtherGlobalPermissions] [@] Collecting affected users with permission Low-level Admin Read
 13/08/26 13:04:02,609 INFO  [d65725be-ac99-38c2-3f14-c84d665f60f2@init servlet   ] [gMigrateOtherGlobalPermissions] [@] No affected users found for permission ADMIN_READ_APP
 13/08/26 13:04:02,609 INFO  [d65725be-ac99-38c2-3f14-c84d665f60f2@init servlet   ] [gMigrateOtherGlobalPermissions] [@] Collecting affected users with permission Update User
 13/08/26 13:04:02,610 INFO  [d65725be-ac99-38c2-3f14-c84d665f60f2@init servlet   ] [gMigrateOtherGlobalPermissions] [@] No affected users found for permission UPDATE_USER
 13/08/26 13:04:02,610 INFO  [d65725be-ac99-38c2-3f14-c84d665f60f2@init servlet   ] [gMigrateOtherGlobalPermissions] [@] Collecting affected users with permission Delete User
 13/08/26 13:04:02,610 INFO  [d65725be-ac99-38c2-3f14-c84d665f60f2@init servlet   ] [gMigrateOtherGlobalPermissions] [@] No affected users found for permission DELETE_USER
 13/08/26 13:04:02,613 INFO  [d65725be-ac99-38c2-3f14-c84d665f60f2@init servlet   ] [toringDeleteUnusedDefaultRoles] [@] Role youtrack-issue-reader not found
 13/08/26 13:04:02,613 INFO  [d65725be-ac99-38c2-3f14-c84d665f60f2@init servlet   ] [toringDeleteUnusedDefaultRoles] [@] Role youtrack-reporter not found
 13/08/26 13:04:02,614 INFO  [d65725be-ac99-38c2-3f14-c84d665f60f2@init servlet   ] [toringDeleteUnusedDefaultRoles] [@] Role reporter not found
 13/08/26 13:04:02,614 INFO  [d65725be-ac99-38c2-3f14-c84d665f60f2@init servlet   ] [toringDeleteUnusedDefaultRoles] [@] Role reporter_0 not found
 13/08/26 13:04:02,618 INFO  [d65725be-ac99-38c2-3f14-c84d665f60f2@init servlet   ] [RefactoringImmutableRoles     ] [@] Role Observer was marked immutable and description was updated
 13/08/26 13:04:02,619 INFO  [d65725be-ac99-38c2-3f14-c84d665f60f2@init servlet   ] [RefactoringImmutableRoles     ] [@] Role Contributor was marked immutable and description was updated
 13/08/26 13:04:02,620 INFO  [d65725be-ac99-38c2-3f14-c84d665f60f2@init servlet   ] [RefactoringImmutableRoles     ] [@] Role Project Admin was marked immutable and description was updated
 13/08/26 13:04:02,620 INFO  [d65725be-ac99-38c2-3f14-c84d665f60f2@init servlet   ] [RefactoringImmutableRoles     ] [@] Role Project Creator was marked immutable and description was updated
 13/08/26 13:04:02,620 INFO  [d65725be-ac99-38c2-3f14-c84d665f60f2@init servlet   ] [RefactoringImmutableRoles     ] [@] Role User Creator was marked immutable and description was updated
 13/08/26 13:04:02,621 INFO  [d65725be-ac99-38c2-3f14-c84d665f60f2@init servlet   ] [RefactoringImmutableRoles     ] [@] Role System Admin was marked immutable and description was updated
 13/08/26 13:04:02,628 INFO  [d65725be-ac99-38c2-3f14-c84d665f60f2@init servlet   ] [MigratedPermissionsData       ] [@] Found 0 roles to notify about
 13/08/26 13:04:02,630 INFO  [d65725be-ac99-38c2-3f14-c84d665f60f2@init servlet   ] [MigratedPermissionsData       ] [@] Found 0 feature flags with generated groups to notify about
 13/08/26 13:04:02,631 INFO  [d65725be-ac99-38c2-3f14-c84d665f60f2@init servlet   ] [ifyAdminsOfMigratedPermissions] [@] Nothing to notify about
 13/08/26 13:04:02,754 WARN  [d65725be-ac99-38c2-3f14-c84d665f60f2@init servlet   ] [ringRenameUserManagerToCreator] [@] User Manager role not found by key, skip renaming
 13/08/26 13:04:04,863 INFO  [d65725be-ac99-38c2-3f14-c84d665f60f2@init servlet   ] [BackupLocationEntityListener  ] [@] New backup location [/opt/youtrack/backups] propagated to bundle
 13/08/26 13:04:12,559 INFO  [d65725be-ac99-38c2-3f14-c84d665f60f2@hub-audit-1    ] [LoggingRequestsFilter         ] [admin@] GET http://127.0.0.1:8080/hub/api/rest/projects/0-0?fields=id%2Ckey%2Caliases%2Cname%2Crestricted 404 Not Found
 13/08/26 13:15:12,136 INFO  [22dafc63-d4f0-a805-4e28-6fbb2028a3d1@qtp962373567-47] [SuccessExportResult           ] [admin@172.19.0.1] Notification config synced with Hub
 13/08/26 13:15:13,113 INFO  [22dafc63-d4f0-a805-4e28-6fbb2028a3d1@qtp962373567-47] [BaseUrlEntityListener         ] [admin@172.19.0.1] New Base url [http://youtrack-server:8080] propagated to bundle
 14/08/26 07:14:55,278 INFO  [a16fb14f-df9d-795c-9c5f-9d941bee45fd@init servlet   ] [RingConfigImpl                ] [@] Async Hub remote API init scheduled
 14/08/26 07:14:55,952 INFO  [a16fb14f-df9d-795c-9c5f-9d941bee45fd@b-integration-1] [HubRemoteApiFactory           ] [@] Initializing Hub Remote Api...
 14/08/26 07:14:56,230 INFO  [a16fb14f-df9d-795c-9c5f-9d941bee45fd@b-integration-1] [HubRemoteApiFactory           ] [@] Syncing Hub events...
 14/08/26 07:14:56,592 INFO  [a16fb14f-df9d-795c-9c5f-9d941bee45fd@b-integration-1] [HubRemoteApiFactory           ] [@] Setting up Hub event listeners...
 14/08/26 07:14:56,606 INFO  [a16fb14f-df9d-795c-9c5f-9d941bee45fd@b-integration-1] [HubRemoteApiFactory           ] [@] Hub event listeners up and running
 14/08/26 07:14:56,655 INFO  [a16fb14f-df9d-795c-9c5f-9d941bee45fd@b-integration-1] [HubRemoteApiFactory           ] [@] Hub Remote Api initialized
 14/08/26 07:15:01,267 INFO  [a16fb14f-df9d-795c-9c5f-9d941bee45fd@init servlet   ] [RingConfigImpl                ] [@] Hub integration is enabled
 14/08/26 07:15:01,285 INFO  [a16fb14f-df9d-795c-9c5f-9d941bee45fd@init servlet   ] [RingConfigImpl                ] [@] Establishing connection to Hub. Attempt 1 of 3. Result: Active and working
 14/08/26 07:15:01,305 INFO  [a16fb14f-df9d-795c-9c5f-9d941bee45fd@init servlet   ] [RingConfigImpl                ] [@] Hub connection: Active and working
 14/08/26 07:15:01,322 INFO  [a16fb14f-df9d-795c-9c5f-9d941bee45fd@init servlet   ] [IncrementalExporter           ] [@] Exporting service data...
 14/08/26 07:15:02,022 INFO  [a16fb14f-df9d-795c-9c5f-9d941bee45fd@init servlet   ] [IncrementalExporter           ] [@] Exporting license, locale, logo info...
 14/08/26 07:15:02,355 INFO  [a16fb14f-df9d-795c-9c5f-9d941bee45fd@init servlet   ] [IncrementalExporter           ] [@] Exporting email notification config...
 14/08/26 07:15:02,478 INFO  [a16fb14f-df9d-795c-9c5f-9d941bee45fd@init servlet   ] [SuccessExportResult           ] [@] Notification config synced with Hub
 14/08/26 07:15:02,480 INFO  [a16fb14f-df9d-795c-9c5f-9d941bee45fd@init servlet   ] [IncrementalExporter           ] [@] Exporting trusted certificates...
 14/08/26 07:15:02,493 INFO  [a16fb14f-df9d-795c-9c5f-9d941bee45fd@init servlet   ] [IncrementalExporter           ] [@] Exporting permissions...
 14/08/26 07:15:02,566 INFO  [a16fb14f-df9d-795c-9c5f-9d941bee45fd@init servlet   ] [IncrementalExporter           ] [@] Exporting roles...
 14/08/26 07:15:02,581 INFO  [a16fb14f-df9d-795c-9c5f-9d941bee45fd@init servlet   ] [IncrementalExporter           ] [@] Exporting user groups...
 14/08/26 07:15:02,606 INFO  [a16fb14f-df9d-795c-9c5f-9d941bee45fd@init servlet   ] [IncrementalExporter           ] [@] Exporting user accounts...
 14/08/26 07:15:02,673 INFO  [a16fb14f-df9d-795c-9c5f-9d941bee45fd@init servlet   ] [IncrementalExporter           ] [@] Exporting project roles...
 15/08/26 13:56:25,313 WARN  [c8234a00-d3cf-21aa-09aa-e97b61463abd@al-scheduling-3] [LoggingRequestsFilter         ] [Hub Event Sync User@] GET http://127.0.0.1:8080/hub/api/rest/events?%24skip=0&%24top=100&query=afterId%3A+%7B96%7D&fields=id%2CtargetType%2CtargetId%2Ctype 401 Unauthorized
 15/08/26 13:56:25,384 WARN  [c8234a00-d3cf-21aa-09aa-e97b61463abd@al-scheduling-3] [SlowRequestMonitoringFilter   ] [Hub Event Sync User@] Request to Hub (http://127.0.0.1:8080/hub/api/rest/events?%24skip=0&%24top=100&query=afterId%3A+%7B96%7D&fields=id%2CtargetType%2CtargetId%2Ctype) took 89683911 ms
 18/08/26 09:05:57,021 INFO  [d0e63c5e-228a-6c1d-b547-24494c2180c5@init servlet   ] [RingConfigImpl                ] [@] Async Hub remote API init scheduled
 18/08/26 09:05:57,496 INFO  [d0e63c5e-228a-6c1d-b547-24494c2180c5@b-integration-1] [HubRemoteApiFactory           ] [@] Initializing Hub Remote Api...
 18/08/26 09:05:57,866 INFO  [d0e63c5e-228a-6c1d-b547-24494c2180c5@b-integration-1] [HubRemoteApiFactory           ] [@] Syncing Hub events...
 18/08/26 09:05:58,272 INFO  [d0e63c5e-228a-6c1d-b547-24494c2180c5@b-integration-1] [HubRemoteApiFactory           ] [@] Setting up Hub event listeners...
 18/08/26 09:05:58,293 INFO  [d0e63c5e-228a-6c1d-b547-24494c2180c5@b-integration-1] [HubRemoteApiFactory           ] [@] Hub event listeners up and running
 18/08/26 09:05:58,331 INFO  [d0e63c5e-228a-6c1d-b547-24494c2180c5@b-integration-1] [HubRemoteApiFactory           ] [@] Hub Remote Api initialized
 18/08/26 09:06:01,254 INFO  [d0e63c5e-228a-6c1d-b547-24494c2180c5@init servlet   ] [RingConfigImpl                ] [@] Hub integration is enabled
 18/08/26 09:06:01,270 INFO  [d0e63c5e-228a-6c1d-b547-24494c2180c5@init servlet   ] [RingConfigImpl                ] [@] Establishing connection to Hub. Attempt 1 of 3. Result: Active and working
 18/08/26 09:06:01,283 INFO  [d0e63c5e-228a-6c1d-b547-24494c2180c5@init servlet   ] [RingConfigImpl                ] [@] Hub connection: Active and working
 18/08/26 09:06:01,292 INFO  [d0e63c5e-228a-6c1d-b547-24494c2180c5@init servlet   ] [IncrementalExporter           ] [@] Exporting service data...
 18/08/26 09:06:01,833 INFO  [d0e63c5e-228a-6c1d-b547-24494c2180c5@init servlet   ] [IncrementalExporter           ] [@] Exporting license, locale, logo info...
 18/08/26 09:06:02,048 INFO  [d0e63c5e-228a-6c1d-b547-24494c2180c5@init servlet   ] [IncrementalExporter           ] [@] Exporting email notification config...
 18/08/26 09:06:02,106 INFO  [d0e63c5e-228a-6c1d-b547-24494c2180c5@init servlet   ] [SuccessExportResult           ] [@] Notification config synced with Hub
 18/08/26 09:06:02,108 INFO  [d0e63c5e-228a-6c1d-b547-24494c2180c5@init servlet   ] [IncrementalExporter           ] [@] Exporting trusted certificates...
 18/08/26 09:06:02,111 INFO  [d0e63c5e-228a-6c1d-b547-24494c2180c5@init servlet   ] [IncrementalExporter           ] [@] Exporting permissions...
 18/08/26 09:06:02,163 INFO  [d0e63c5e-228a-6c1d-b547-24494c2180c5@init servlet   ] [IncrementalExporter           ] [@] Exporting roles...
 18/08/26 09:06:02,165 INFO  [d0e63c5e-228a-6c1d-b547-24494c2180c5@init servlet   ] [IncrementalExporter           ] [@] Exporting user groups...
 18/08/26 09:06:02,170 INFO  [d0e63c5e-228a-6c1d-b547-24494c2180c5@init servlet   ] [IncrementalExporter           ] [@] Exporting user accounts...
 18/08/26 09:06:02,208 INFO  [d0e63c5e-228a-6c1d-b547-24494c2180c5@init servlet   ] [IncrementalExporter           ] [@] Exporting project roles...
 20/08/26 07:58:27,242 INFO  [2fb041fb-e854-7258-2ad9-bc92e34c8685@init servlet   ] [RingConfigImpl                ] [@] Async Hub remote API init scheduled
 20/08/26 07:58:27,645 INFO  [2fb041fb-e854-7258-2ad9-bc92e34c8685@b-integration-1] [HubRemoteApiFactory           ] [@] Initializing Hub Remote Api...
 20/08/26 07:58:27,835 INFO  [2fb041fb-e854-7258-2ad9-bc92e34c8685@b-integration-1] [HubRemoteApiFactory           ] [@] Syncing Hub events...
 20/08/26 07:58:28,108 INFO  [2fb041fb-e854-7258-2ad9-bc92e34c8685@b-integration-1] [HubRemoteApiFactory           ] [@] Setting up Hub event listeners...
 20/08/26 07:58:28,121 INFO  [2fb041fb-e854-7258-2ad9-bc92e34c8685@b-integration-1] [HubRemoteApiFactory           ] [@] Hub event listeners up and running
 20/08/26 07:58:28,147 INFO  [2fb041fb-e854-7258-2ad9-bc92e34c8685@b-integration-1] [HubRemoteApiFactory           ] [@] Hub Remote Api initialized
 20/08/26 07:58:32,911 INFO  [2fb041fb-e854-7258-2ad9-bc92e34c8685@init servlet   ] [RingConfigImpl                ] [@] Hub integration is enabled
 20/08/26 07:58:32,928 INFO  [2fb041fb-e854-7258-2ad9-bc92e34c8685@init servlet   ] [RingConfigImpl                ] [@] Establishing connection to Hub. Attempt 1 of 3. Result: Active and working
 20/08/26 07:58:32,940 INFO  [2fb041fb-e854-7258-2ad9-bc92e34c8685@init servlet   ] [RingConfigImpl                ] [@] Hub connection: Active and working
 20/08/26 07:58:32,951 INFO  [2fb041fb-e854-7258-2ad9-bc92e34c8685@init servlet   ] [IncrementalExporter           ] [@] Exporting service data...
 20/08/26 07:58:33,406 INFO  [2fb041fb-e854-7258-2ad9-bc92e34c8685@init servlet   ] [IncrementalExporter           ] [@] Exporting license, locale, logo info...
 20/08/26 07:58:33,549 INFO  [2fb041fb-e854-7258-2ad9-bc92e34c8685@init servlet   ] [IncrementalExporter           ] [@] Exporting email notification config...
 20/08/26 07:58:33,577 INFO  [2fb041fb-e854-7258-2ad9-bc92e34c8685@init servlet   ] [SuccessExportResult           ] [@] Notification config synced with Hub
 20/08/26 07:58:33,578 INFO  [2fb041fb-e854-7258-2ad9-bc92e34c8685@init servlet   ] [IncrementalExporter           ] [@] Exporting trusted certificates...
 20/08/26 07:58:33,580 INFO  [2fb041fb-e854-7258-2ad9-bc92e34c8685@init servlet   ] [IncrementalExporter           ] [@] Exporting permissions...
 20/08/26 07:58:33,604 INFO  [2fb041fb-e854-7258-2ad9-bc92e34c8685@init servlet   ] [IncrementalExporter           ] [@] Exporting roles...
 20/08/26 07:58:33,606 INFO  [2fb041fb-e854-7258-2ad9-bc92e34c8685@init servlet   ] [IncrementalExporter           ] [@] Exporting user groups...
 20/08/26 07:58:33,612 INFO  [2fb041fb-e854-7258-2ad9-bc92e34c8685@init servlet   ] [IncrementalExporter           ] [@] Exporting user accounts...
 20/08/26 07:58:33,643 INFO  [2fb041fb-e854-7258-2ad9-bc92e34c8685@init servlet   ] [IncrementalExporter           ] [@] Exporting project roles...
 21/08/26 09:27:58,253 INFO  [9ac88591-a1e5-3143-1c6b-8f7ec0d3987d@init servlet   ] [RingConfigImpl                ] [@] Async Hub remote API init scheduled
 21/08/26 09:27:58,828 INFO  [9ac88591-a1e5-3143-1c6b-8f7ec0d3987d@b-integration-1] [HubRemoteApiFactory           ] [@] Initializing Hub Remote Api...
 21/08/26 09:27:59,071 INFO  [9ac88591-a1e5-3143-1c6b-8f7ec0d3987d@b-integration-1] [HubRemoteApiFactory           ] [@] Syncing Hub events...
 21/08/26 09:27:59,435 INFO  [9ac88591-a1e5-3143-1c6b-8f7ec0d3987d@b-integration-1] [HubRemoteApiFactory           ] [@] Setting up Hub event listeners...
 21/08/26 09:27:59,446 INFO  [9ac88591-a1e5-3143-1c6b-8f7ec0d3987d@b-integration-1] [HubRemoteApiFactory           ] [@] Hub event listeners up and running
 21/08/26 09:27:59,505 INFO  [9ac88591-a1e5-3143-1c6b-8f7ec0d3987d@b-integration-1] [HubRemoteApiFactory           ] [@] Hub Remote Api initialized
 21/08/26 09:28:05,593 INFO  [9ac88591-a1e5-3143-1c6b-8f7ec0d3987d@init servlet   ] [RingConfigImpl                ] [@] Hub integration is enabled
 21/08/26 09:28:05,613 INFO  [9ac88591-a1e5-3143-1c6b-8f7ec0d3987d@init servlet   ] [RingConfigImpl                ] [@] Establishing connection to Hub. Attempt 1 of 3. Result: Active and working
 21/08/26 09:28:05,629 INFO  [9ac88591-a1e5-3143-1c6b-8f7ec0d3987d@init servlet   ] [RingConfigImpl                ] [@] Hub connection: Active and working
 21/08/26 09:28:05,641 INFO  [9ac88591-a1e5-3143-1c6b-8f7ec0d3987d@init servlet   ] [IncrementalExporter           ] [@] Exporting service data...
 21/08/26 09:28:06,472 INFO  [9ac88591-a1e5-3143-1c6b-8f7ec0d3987d@init servlet   ] [IncrementalExporter           ] [@] Exporting license, locale, logo info...
 21/08/26 09:28:06,694 INFO  [9ac88591-a1e5-3143-1c6b-8f7ec0d3987d@init servlet   ] [IncrementalExporter           ] [@] Exporting email notification config...
 21/08/26 09:28:06,742 INFO  [9ac88591-a1e5-3143-1c6b-8f7ec0d3987d@init servlet   ] [SuccessExportResult           ] [@] Notification config synced with Hub
 21/08/26 09:28:06,743 INFO  [9ac88591-a1e5-3143-1c6b-8f7ec0d3987d@init servlet   ] [IncrementalExporter           ] [@] Exporting trusted certificates...
 21/08/26 09:28:06,747 INFO  [9ac88591-a1e5-3143-1c6b-8f7ec0d3987d@init servlet   ] [IncrementalExporter           ] [@] Exporting permissions...
 21/08/26 09:28:06,781 INFO  [9ac88591-a1e5-3143-1c6b-8f7ec0d3987d@init servlet   ] [IncrementalExporter           ] [@] Exporting roles...
 21/08/26 09:28:06,783 INFO  [9ac88591-a1e5-3143-1c6b-8f7ec0d3987d@init servlet   ] [IncrementalExporter           ] [@] Exporting user groups...
 21/08/26 09:28:06,790 INFO  [9ac88591-a1e5-3143-1c6b-8f7ec0d3987d@init servlet   ] [IncrementalExporter           ] [@] Exporting user accounts...
 21/08/26 09:28:06,848 INFO  [9ac88591-a1e5-3143-1c6b-8f7ec0d3987d@init servlet   ] [IncrementalExporter           ] [@] Exporting project roles...
 21/08/26 10:52:47,514 INFO  [c8c93373-d829-6839-69d6-3f656c0912c8@hub-audit-1    ] [LoggingRequestsFilter         ] [admin@172.19.0.1] GET http://127.0.0.1:8080/hub/api/rest/projects/0-1?fields=id%2Ckey%2Caliases%2Cname%2Crestricted 404 Not Found
 24/08/26 12:14:10,012 INFO  [41b228ff-69ef-b9e3-7f1f-ced14e4505d8@init servlet   ] [RingConfigImpl                ] [@] Async Hub remote API init scheduled
 24/08/26 12:14:10,489 INFO  [41b228ff-69ef-b9e3-7f1f-ced14e4505d8@b-integration-1] [HubRemoteApiFactory           ] [@] Initializing Hub Remote Api...
 24/08/26 12:14:10,698 INFO  [41b228ff-69ef-b9e3-7f1f-ced14e4505d8@b-integration-1] [HubRemoteApiFactory           ] [@] Syncing Hub events...
 24/08/26 12:14:11,002 INFO  [41b228ff-69ef-b9e3-7f1f-ced14e4505d8@b-integration-1] [HubRemoteApiFactory           ] [@] Setting up Hub event listeners...
 24/08/26 12:14:11,013 INFO  [41b228ff-69ef-b9e3-7f1f-ced14e4505d8@b-integration-1] [HubRemoteApiFactory           ] [@] Hub event listeners up and running
 24/08/26 12:14:11,073 INFO  [41b228ff-69ef-b9e3-7f1f-ced14e4505d8@b-integration-1] [HubRemoteApiFactory           ] [@] Hub Remote Api initialized
 24/08/26 12:14:16,410 INFO  [41b228ff-69ef-b9e3-7f1f-ced14e4505d8@init servlet   ] [RingConfigImpl                ] [@] Hub integration is enabled
 24/08/26 12:14:16,426 INFO  [41b228ff-69ef-b9e3-7f1f-ced14e4505d8@init servlet   ] [RingConfigImpl                ] [@] Establishing connection to Hub. Attempt 1 of 3. Result: Active and working
 24/08/26 12:14:16,440 INFO  [41b228ff-69ef-b9e3-7f1f-ced14e4505d8@init servlet   ] [RingConfigImpl                ] [@] Hub connection: Active and working
 24/08/26 12:14:16,451 INFO  [41b228ff-69ef-b9e3-7f1f-ced14e4505d8@init servlet   ] [IncrementalExporter           ] [@] Exporting service data...
 24/08/26 12:14:17,210 INFO  [41b228ff-69ef-b9e3-7f1f-ced14e4505d8@init servlet   ] [IncrementalExporter           ] [@] Exporting license, locale, logo info...
 24/08/26 12:14:17,367 INFO  [41b228ff-69ef-b9e3-7f1f-ced14e4505d8@init servlet   ] [IncrementalExporter           ] [@] Exporting email notification config...
 24/08/26 12:14:17,398 INFO  [41b228ff-69ef-b9e3-7f1f-ced14e4505d8@init servlet   ] [SuccessExportResult           ] [@] Notification config synced with Hub
 24/08/26 12:14:17,400 INFO  [41b228ff-69ef-b9e3-7f1f-ced14e4505d8@init servlet   ] [IncrementalExporter           ] [@] Exporting trusted certificates...
 24/08/26 12:14:17,401 INFO  [41b228ff-69ef-b9e3-7f1f-ced14e4505d8@init servlet   ] [IncrementalExporter           ] [@] Exporting permissions...
 24/08/26 12:14:17,425 INFO  [41b228ff-69ef-b9e3-7f1f-ced14e4505d8@init servlet   ] [IncrementalExporter           ] [@] Exporting roles...
 24/08/26 12:14:17,427 INFO  [41b228ff-69ef-b9e3-7f1f-ced14e4505d8@init servlet   ] [IncrementalExporter           ] [@] Exporting user groups...
 24/08/26 12:14:17,432 INFO  [41b228ff-69ef-b9e3-7f1f-ced14e4505d8@init servlet   ] [IncrementalExporter           ] [@] Exporting user accounts...
 24/08/26 12:14:17,466 INFO  [41b228ff-69ef-b9e3-7f1f-ced14e4505d8@init servlet   ] [IncrementalExporter           ] [@] Exporting project roles...
 01/09/26 07:40:51,989 INFO  [b0d8f1ea-d3fe-618c-257a-5841115f2e4e@init servlet   ] [RingConfigImpl                ] [@] Async Hub remote API init scheduled
 01/09/26 07:40:52,457 INFO  [b0d8f1ea-d3fe-618c-257a-5841115f2e4e@b-integration-1] [HubRemoteApiFactory           ] [@] Initializing Hub Remote Api...
 01/09/26 07:40:52,698 INFO  [b0d8f1ea-d3fe-618c-257a-5841115f2e4e@b-integration-1] [HubRemoteApiFactory           ] [@] Syncing Hub events...
 01/09/26 07:40:53,062 INFO  [b0d8f1ea-d3fe-618c-257a-5841115f2e4e@b-integration-1] [HubRemoteApiFactory           ] [@] Setting up Hub event listeners...
 01/09/26 07:40:53,072 INFO  [b0d8f1ea-d3fe-618c-257a-5841115f2e4e@b-integration-1] [HubRemoteApiFactory           ] [@] Hub event listeners up and running
 01/09/26 07:40:53,120 INFO  [b0d8f1ea-d3fe-618c-257a-5841115f2e4e@b-integration-1] [HubRemoteApiFactory           ] [@] Hub Remote Api initialized
 01/09/26 07:40:58,554 INFO  [b0d8f1ea-d3fe-618c-257a-5841115f2e4e@init servlet   ] [RingConfigImpl                ] [@] Hub integration is enabled
 01/09/26 07:40:58,569 INFO  [b0d8f1ea-d3fe-618c-257a-5841115f2e4e@init servlet   ] [RingConfigImpl                ] [@] Establishing connection to Hub. Attempt 1 of 3. Result: Active and working
 01/09/26 07:40:58,582 INFO  [b0d8f1ea-d3fe-618c-257a-5841115f2e4e@init servlet   ] [RingConfigImpl                ] [@] Hub connection: Active and working
 01/09/26 07:40:58,593 INFO  [b0d8f1ea-d3fe-618c-257a-5841115f2e4e@init servlet   ] [IncrementalExporter           ] [@] Exporting service data...
 01/09/26 07:40:59,344 INFO  [b0d8f1ea-d3fe-618c-257a-5841115f2e4e@init servlet   ] [IncrementalExporter           ] [@] Exporting license, locale, logo info...
 01/09/26 07:40:59,509 INFO  [b0d8f1ea-d3fe-618c-257a-5841115f2e4e@init servlet   ] [IncrementalExporter           ] [@] Exporting email notification config...
 01/09/26 07:40:59,545 INFO  [b0d8f1ea-d3fe-618c-257a-5841115f2e4e@init servlet   ] [SuccessExportResult           ] [@] Notification config synced with Hub
 01/09/26 07:40:59,545 INFO  [b0d8f1ea-d3fe-618c-257a-5841115f2e4e@init servlet   ] [IncrementalExporter           ] [@] Exporting trusted certificates...
 01/09/26 07:40:59,548 INFO  [b0d8f1ea-d3fe-618c-257a-5841115f2e4e@init servlet   ] [IncrementalExporter           ] [@] Exporting permissions...
 01/09/26 07:40:59,571 INFO  [b0d8f1ea-d3fe-618c-257a-5841115f2e4e@init servlet   ] [IncrementalExporter           ] [@] Exporting roles...
 01/09/26 07:40:59,574 INFO  [b0d8f1ea-d3fe-618c-257a-5841115f2e4e@init servlet   ] [IncrementalExporter           ] [@] Exporting user groups...
 01/09/26 07:40:59,580 INFO  [b0d8f1ea-d3fe-618c-257a-5841115f2e4e@init servlet   ] [IncrementalExporter           ] [@] Exporting user accounts...
 01/09/26 07:40:59,618 INFO  [b0d8f1ea-d3fe-618c-257a-5841115f2e4e@init servlet   ] [IncrementalExporter           ] [@] Exporting project roles...
 