[2026-08-17 11:37:27,106]   WARN - lipse.jetty.server.HttpChannel - /hub/auth/oauth/error 
jetbrains.hub.server.core.ItemNotFoundException: Item of type Service with id [9ca02ece-778a-4e3d-b86c-e4b9edbeeffa] is not found
	at jetbrains.jetpass.dao.dnq.api.service.ServiceMatcherImpl.getService$lambda$0(ServiceMatcherImpl.kt:25) ~[?:?]
	at jetbrains.jetpass.dao.dnq.api.DataAccessExceptionUtilKt.daoTransaction$lambda$0(DataAccessExceptionUtil.kt:37) ~[?:?]
	at jetbrains.hub.server.core.db.TransactionKt.transactional(Transaction.kt:86) ~[?:?]
	at jetbrains.hub.server.core.db.TransactionKt.transactional$default(Transaction.kt:66) ~[?:?]
	at jetbrains.jetpass.dao.dnq.api.DataAccessExceptionUtilKt.daoTransaction(DataAccessExceptionUtil.kt:37) ~[?:?]
	at jetbrains.jetpass.dao.dnq.api.DataAccessExceptionUtilKt.daoTx(DataAccessExceptionUtil.kt:31) ~[?:?]
	at jetbrains.jetpass.dao.dnq.api.service.ServiceMatcherImpl.getService(ServiceMatcherImpl.kt:24) ~[?:?]
	at jetbrains.jetpass.dao.dnq.CspProvider.getDomains$lambda$0(CspProvider.kt:20) ~[?:?]
	at jetbrains.hub.server.core.authority.HubPrincipalManagerKt.runAsRootInTx$lambda$0$0(HubPrincipalManager.kt:45) ~[?:?]
	at jetbrains.hub.server.core.db.TransactionKt.transactional(Transaction.kt:86) ~[?:?]
	at jetbrains.hub.server.core.db.TransactionKt.transactional$default(Transaction.kt:66) ~[?:?]
	at jetbrains.hub.server.core.authority.HubPrincipalManagerKt.runAsRootInTx$lambda$0(HubPrincipalManager.kt:44) ~[?:?]
	at jetbrains.hub.server.console.HubPrincipalManagerImpl.runAs(HubPrincipalManagerImpl.kt:85) ~[?:?]
	at jetbrains.hub.server.console.HubPrincipalManagerImpl.runAsRoot(HubPrincipalManagerImpl.kt:92) ~[?:?]
	at jetbrains.hub.server.core.authority.HubPrincipalManagerKt.runAsRootInTx(HubPrincipalManager.kt:43) ~[?:?]
	at jetbrains.jetpass.dao.dnq.CspProvider.getDomains(CspProvider.kt:15) ~[?:?]
	at jetbrains.hub.server.filter.XAuthFrameOptionsFilter.getAllowedOrigins$lambda$0(XAuthFrameOptionsFilter.kt:40) ~[?:?]
	at jetbrains.hub.server.core.db.TransactionKt.runInTransaction$lambda$1(Transaction.kt:98) ~[?:?]
	at com.jetbrains.teamsys.dnq.database.TransientEntityStoreExt.transactional(TransientEntityStoreExt.kt:51) ~[?:?]
	at com.jetbrains.teamsys.dnq.database.TransientEntityStoreImpl.transactional(TransientEntityStoreImpl.kt:102) ~[?:?]
	at jetbrains.hub.server.core.db.TransactionKt.xdTx(Transaction.kt:113) ~[?:?]
	at jetbrains.hub.server.core.db.TransactionKt.runInTransaction(Transaction.kt:98) ~[?:?]
	at jetbrains.hub.server.core.db.TransactionKt.transactional(Transaction.kt:79) ~[?:?]
	at jetbrains.hub.server.core.db.TransactionKt.transactional$default(Transaction.kt:66) ~[?:?]
	at jetbrains.hub.server.filter.XAuthFrameOptionsFilter.getAllowedOrigins(XAuthFrameOptionsFilter.kt:39) ~[?:?]
	at jetbrains.hub.server.filter.XAuthFrameOptionsFilter.doFilter(XAuthFrameOptionsFilter.kt:22) ~[?:?]
	at jetbrains.hub.server.filter.FilterAdapter.doFilter(FilterAdapter.kt:15) ~[?:?]
	at org.eclipse.jetty.servlet.FilterHolder.doFilter(FilterHolder.java:193) ~[jetty-servlet-9.4.58.v20250814.jar:9.4.58.v20250814]
	at org.eclipse.jetty.servlet.ServletHandler$Chain.doFilter(ServletHandler.java:1626) ~[jetty-servlet-9.4.58.v20250814.jar:9.4.58.v20250814]
	at jetbrains.hub.server.filter.LocalScopeFilter.doFilter(LocalScopeFilter.kt:19) ~[?:?]
	at jetbrains.hub.server.filter.FilterAdapter.doFilter(FilterAdapter.kt:15) ~[?:?]
	at org.eclipse.jetty.servlet.FilterHolder.doFilter(FilterHolder.java:193) ~[jetty-servlet-9.4.58.v20250814.jar:9.4.58.v20250814]
	at org.eclipse.jetty.servlet.ServletHandler$Chain.doFilter(ServletHandler.java:1626) ~[jetty-servlet-9.4.58.v20250814.jar:9.4.58.v20250814]
	at jetbrains.hub.server.filter.SecurityHeadersFilter.doFilter(SecurityHeadersFilter.kt:19) ~[?:?]
	at jetbrains.hub.server.filter.FilterAdapter.doFilter(FilterAdapter.kt:15) ~[?:?]
	at org.eclipse.jetty.servlet.FilterHolder.doFilter(FilterHolder.java:193) ~[jetty-servlet-9.4.58.v20250814.jar:9.4.58.v20250814]
	at org.eclipse.jetty.servlet.ServletHandler$Chain.doFilter(ServletHandler.java:1626) ~[jetty-servlet-9.4.58.v20250814.jar:9.4.58.v20250814]
	at jetbrains.hub.server.filter.SourceMapsFilter.doFilter(SourceMapsFilter.kt:35) ~[?:?]
	at jetbrains.hub.server.filter.FilterAdapter.doFilter(FilterAdapter.kt:15) ~[?:?]
	at org.eclipse.jetty.servlet.FilterHolder.doFilter(FilterHolder.java:193) ~[jetty-servlet-9.4.58.v20250814.jar:9.4.58.v20250814]
	at org.eclipse.jetty.servlet.ServletHandler$Chain.doFilter(ServletHandler.java:1626) ~[jetty-servlet-9.4.58.v20250814.jar:9.4.58.v20250814]
	at jetbrains.hub.server.filter.LoggingFilter.doFilter(LoggingFilter.kt:26) ~[?:?]
	at jetbrains.hub.server.filter.FilterAdapter.doFilter(FilterAdapter.kt:15) ~[?:?]
	at org.eclipse.jetty.servlet.FilterHolder.doFilter(FilterHolder.java:193) ~[jetty-servlet-9.4.58.v20250814.jar:9.4.58.v20250814]
	at org.eclipse.jetty.servlet.ServletHandler$Chain.doFilter(ServletHandler.java:1626) ~[jetty-servlet-9.4.58.v20250814.jar:9.4.58.v20250814]
	at jetbrains.hub.server.filter.UrlRewriteFilter.doFilter(UrlRewriteFilter.kt:38) ~[?:?]
	at jetbrains.hub.server.filter.FilterAdapter.doFilter(FilterAdapter.kt:15) ~[?:?]
	at org.eclipse.jetty.servlet.FilterHolder.doFilter(FilterHolder.java:193) ~[jetty-servlet-9.4.58.v20250814.jar:9.4.58.v20250814]
	at org.eclipse.jetty.servlet.ServletHandler$Chain.doFilter(ServletHandler.java:1626) ~[jetty-servlet-9.4.58.v20250814.jar:9.4.58.v20250814]
	at org.eclipse.jetty.servlet.ServletHandler.doHandle(ServletHandler.java:552) ~[jetty-servlet-9.4.58.v20250814.jar:9.4.58.v20250814]
	at org.eclipse.jetty.server.handler.ScopedHandler.handle(ScopedHandler.java:143) ~[jetty-server-9.4.58.v20250814.jar:9.4.58.v20250814]
	at org.eclipse.jetty.server.handler.gzip.GzipHandler.handle(GzipHandler.java:772) ~[jetty-server-9.4.58.v20250814.jar:9.4.58.v20250814]
	at org.eclipse.jetty.security.SecurityHandler.handle(SecurityHandler.java:600) ~[jetty-security-9.4.58.v20250814.jar:9.4.58.v20250814]
	at org.eclipse.jetty.server.handler.HandlerWrapper.handle(HandlerWrapper.java:127) ~[jetty-server-9.4.58.v20250814.jar:9.4.58.v20250814]
	at org.eclipse.jetty.server.handler.ScopedHandler.nextHandle(ScopedHandler.java:235) ~[jetty-server-9.4.58.v20250814.jar:9.4.58.v20250814]
	at org.eclipse.jetty.server.session.SessionHandler.doHandle(SessionHandler.java:1624) ~[jetty-server-9.4.58.v20250814.jar:9.4.58.v20250814]
	at org.eclipse.jetty.server.handler.ScopedHandler.nextHandle(ScopedHandler.java:233) ~[jetty-server-9.4.58.v20250814.jar:9.4.58.v20250814]
	at org.eclipse.jetty.server.handler.ContextHandler.doHandle(ContextHandler.java:1440) ~[jetty-server-9.4.58.v20250814.jar:9.4.58.v20250814]
	at org.eclipse.jetty.server.handler.ScopedHandler.nextScope(ScopedHandler.java:188) ~[jetty-server-9.4.58.v20250814.jar:9.4.58.v20250814]
	at org.eclipse.jetty.servlet.ServletHandler.doScope(ServletHandler.java:505) ~[jetty-servlet-9.4.58.v20250814.jar:9.4.58.v20250814]
	at org.eclipse.jetty.server.session.SessionHandler.doScope(SessionHandler.java:1594) ~[jetty-server-9.4.58.v20250814.jar:9.4.58.v20250814]
	at org.eclipse.jetty.server.handler.ScopedHandler.nextScope(ScopedHandler.java:186) ~[jetty-server-9.4.58.v20250814.jar:9.4.58.v20250814]
	at org.eclipse.jetty.server.handler.ContextHandler.doScope(ContextHandler.java:1355) ~[jetty-server-9.4.58.v20250814.jar:9.4.58.v20250814]
	at org.eclipse.jetty.server.handler.ScopedHandler.handle(ScopedHandler.java:141) ~[jetty-server-9.4.58.v20250814.jar:9.4.58.v20250814]
	at org.eclipse.jetty.server.handler.ContextHandlerCollection.handle(ContextHandlerCollection.java:234) ~[jetty-server-9.4.58.v20250814.jar:9.4.58.v20250814]
	at org.eclipse.jetty.server.handler.HandlerCollection.handle(HandlerCollection.java:146) ~[jetty-server-9.4.58.v20250814.jar:9.4.58.v20250814]
	at org.eclipse.jetty.server.handler.HandlerWrapper.handle(HandlerWrapper.java:127) ~[jetty-server-9.4.58.v20250814.jar:9.4.58.v20250814]
	at org.eclipse.jetty.server.Server.handle(Server.java:516) ~[jetty-server-9.4.58.v20250814.jar:9.4.58.v20250814]
	at org.eclipse.jetty.server.HttpChannel.lambda$handle$1(HttpChannel.java:487) ~[jetty-server-9.4.58.v20250814.jar:9.4.58.v20250814]
	at org.eclipse.jetty.server.HttpChannel.dispatch(HttpChannel.java:732) ~[jetty-server-9.4.58.v20250814.jar:9.4.58.v20250814]
	at org.eclipse.jetty.server.HttpChannel.handle(HttpChannel.java:479) ~[jetty-server-9.4.58.v20250814.jar:9.4.58.v20250814]
	at org.eclipse.jetty.server.HttpConnection.onFillable(HttpConnection.java:277) ~[jetty-server-9.4.58.v20250814.jar:9.4.58.v20250814]
	at org.eclipse.jetty.io.AbstractConnection$ReadCallback.succeeded(AbstractConnection.java:311) ~[jetty-io-9.4.58.v20250814.jar:9.4.58.v20250814]
	at org.eclipse.jetty.io.FillInterest.fillable(FillInterest.java:105) ~[jetty-io-9.4.58.v20250814.jar:9.4.58.v20250814]
	at org.eclipse.jetty.io.ChannelEndPoint$1.run(ChannelEndPoint.java:104) ~[jetty-io-9.4.58.v20250814.jar:9.4.58.v20250814]
	at org.eclipse.jetty.util.thread.strategy.EatWhatYouKill.runTask(EatWhatYouKill.java:338) ~[jetty-util-9.4.58.v20250814.jar:9.4.58.v20250814]
	at org.eclipse.jetty.util.thread.strategy.EatWhatYouKill.doProduce(EatWhatYouKill.java:315) ~[jetty-util-9.4.58.v20250814.jar:9.4.58.v20250814]
	at org.eclipse.jetty.util.thread.strategy.EatWhatYouKill.tryProduce(EatWhatYouKill.java:173) ~[jetty-util-9.4.58.v20250814.jar:9.4.58.v20250814]
	at org.eclipse.jetty.util.thread.strategy.EatWhatYouKill.run(EatWhatYouKill.java:131) ~[jetty-util-9.4.58.v20250814.jar:9.4.58.v20250814]
	at org.eclipse.jetty.util.thread.ReservedThreadExecutor$ReservedThread.run(ReservedThreadExecutor.java:409) ~[jetty-util-9.4.58.v20250814.jar:9.4.58.v20250814]
	at org.eclipse.jetty.util.thread.QueuedThreadPool.runJob(QueuedThreadPool.java:883) ~[jetty-util-9.4.58.v20250814.jar:9.4.58.v20250814]
	at org.eclipse.jetty.util.thread.QueuedThreadPool$Runner.run(QueuedThreadPool.java:1034) ~[jetty-util-9.4.58.v20250814.jar:9.4.58.v20250814]
	at java.lang.Thread.run(Thread.java:1583) [?:?]
